[demo.themefisher.com/constra/index.html]
[backblue.gif]
[fade.gif]
[index.html]
[demo.themefisher.com/constra/images/favicon.png]
[demo.themefisher.com/constra/plugins/bootstrap/bootstrap.min.css]
[demo.themefisher.com/constra/plugins/fontawesome/css/all.min.css]
[demo.themefisher.com/constra/plugins/animate-css/animate.css]
[demo.themefisher.com/constra/plugins/slick/slick.css]
[demo.themefisher.com/constra/plugins/slick/slick-theme.css]
[demo.themefisher.com/constra/plugins/colorbox/colorbox.css]
[demo.themefisher.com/constra/css/style.css]
[demo.themefisher.com/constra/index-2.html]
[demo.themefisher.com/constra/images/logo.png]
[demo.themefisher.com/constra/contact.html]
[demo.themefisher.com/constra/index-3.html]
[demo.themefisher.com/constra/about.html]
[demo.themefisher.com/constra/team.html]
[demo.themefisher.com/constra/testimonials.html]
[demo.themefisher.com/constra/faq.html]
[demo.themefisher.com/constra/pricing.html]
[demo.themefisher.com/constra/projects.html]
[demo.themefisher.com/constra/projects-single.html]
[demo.themefisher.com/constra/services.html]
[demo.themefisher.com/constra/service-single.html]
[demo.themefisher.com/constra/typography.html]
[demo.themefisher.com/constra/404.html]
[demo.themefisher.com/constra/news-left-sidebar.html]
[demo.themefisher.com/constra/news-right-sidebar.html]
[demo.themefisher.com/constra/news-single.html]
[demo.themefisher.com/constra/images/slider-main/bg1.jpg]
[demo.themefisher.com/constra/images/slider-main/bg2.jpg]
[demo.themefisher.com/constra/images/slider-main/bg3.jpg]
[demo.themefisher.com/constra/images/icon-image/fact1.png]
[demo.themefisher.com/constra/images/icon-image/fact2.png]
[demo.themefisher.com/constra/images/icon-image/fact3.png]
[demo.themefisher.com/constra/images/icon-image/fact4.png]
[demo.themefisher.com/constra/images/icon-image/service-icon1.png]
[demo.themefisher.com/constra/images/icon-image/service-icon2.png]
[demo.themefisher.com/constra/images/icon-image/service-icon3.png]
[demo.themefisher.com/constra/images/services/service-center.jpg]
[demo.themefisher.com/constra/images/icon-image/service-icon4.png]
[demo.themefisher.com/constra/images/icon-image/service-icon5.png]
[demo.themefisher.com/constra/images/icon-image/service-icon6.png]
[demo.themefisher.com/constra/images/projects/project1.jpg]
[demo.themefisher.com/constra/images/projects/project2.jpg]
[demo.themefisher.com/constra/images/projects/project3.jpg]
[demo.themefisher.com/constra/images/projects/project4.jpg]
[demo.themefisher.com/constra/images/projects/project5.jpg]
[demo.themefisher.com/constra/images/projects/project6.jpg]
[demo.themefisher.com/constra/images/clients/testimonial1.png]
[demo.themefisher.com/constra/images/clients/testimonial2.png]
[demo.themefisher.com/constra/images/clients/testimonial3.png]
[demo.themefisher.com/constra/images/clients/client1.png]
[demo.themefisher.com/constra/images/clients/client2.png]
[demo.themefisher.com/constra/images/clients/client3.png]
[demo.themefisher.com/constra/images/clients/client4.png]
[demo.themefisher.com/constra/images/clients/client5.png]
[demo.themefisher.com/constra/images/clients/client6.png]
[demo.themefisher.com/constra/images/news/news1.jpg]
[demo.themefisher.com/constra/images/news/news2.jpg]
[demo.themefisher.com/constra/images/news/news3.jpg]
[demo.themefisher.com/constra/images/footer-logo.png]
[demo.themefisher.com/constra/plugins/jQuery/jquery.min.js]
[demo.themefisher.com/constra/plugins/bootstrap/bootstrap.min.js]
[demo.themefisher.com/constra/plugins/slick/slick.min.js]
[demo.themefisher.com/constra/plugins/slick/slick-animation.min.js]
[demo.themefisher.com/constra/plugins/colorbox/jquery.colorbox.js]
[demo.themefisher.com/constra/plugins/shuffle/shuffle.min.js]
[demo.themefisher.com/constra/plugins/google-map/map.js]
[demo.themefisher.com/constra/index.html]
[demo.themefisher.com/constra/plugins/bootstrap/bootstrap.min.css]
[demo.themefisher.com/constra/js/script.js]
[demo.themefisher.com/constra/plugins/fontawesome/webfonts/fa-brands-400.eot]
[demo.themefisher.com/constra/plugins/fontawesome/webfonts/fa-brands-400.woff2]
[demo.themefisher.com/constra/plugins/fontawesome/webfonts/fa-brands-400d41d.eot]
[demo.themefisher.com/constra/plugins/fontawesome/webfonts/fa-brands-400.woff]
[demo.themefisher.com/constra/plugins/fontawesome/webfonts/fa-brands-400.ttf]
[demo.themefisher.com/constra/plugins/fontawesome/webfonts/fa-regular-400.eot]
[demo.themefisher.com/constra/plugins/fontawesome/webfonts/fa-regular-400d41d.eot]
[demo.themefisher.com/constra/plugins/fontawesome/webfonts/fa-regular-400.woff2]
[demo.themefisher.com/constra/plugins/fontawesome/webfonts/fa-brands-400.svg]
[demo.themefisher.com/constra/plugins/fontawesome/webfonts/fa-regular-400.woff]
[demo.themefisher.com/constra/plugins/fontawesome/webfonts/fa-regular-400.ttf]
[demo.themefisher.com/constra/plugins/fontawesome/webfonts/fa-regular-400.svg]
[demo.themefisher.com/constra/plugins/fontawesome/webfonts/fa-solid-900.eot]
[demo.themefisher.com/constra/plugins/fontawesome/webfonts/fa-solid-900d41d.eot]
[demo.themefisher.com/constra/plugins/fontawesome/webfonts/fa-solid-900.woff2]
[demo.themefisher.com/constra/plugins/fontawesome/webfonts/fa-solid-900.woff]
[demo.themefisher.com/constra/plugins/fontawesome/webfonts/fa-solid-900.ttf]
[demo.themefisher.com/constra/plugins/fontawesome/css/all.min.css]
[demo.themefisher.com/constra/plugins/animate-css/animate.css]
[demo.themefisher.com/constra/plugins/slick/slick.css]
[demo.themefisher.com/constra/plugins/slick/ajax-loader.gif]
[demo.themefisher.com/constra/plugins/slick/fonts/slick.eot]
[demo.themefisher.com/constra/plugins/fontawesome/webfonts/fa-solid-900.svg]
[demo.themefisher.com/constra/plugins/slick/fonts/slickd41d.eot]
[demo.themefisher.com/constra/plugins/slick/fonts/slick.woff]
[demo.themefisher.com/constra/plugins/slick/fonts/slick.ttf]
[demo.themefisher.com/constra/plugins/slick/slick-theme.css]
[demo.themefisher.com/constra/plugins/slick/fonts/slick.svg]
[demo.themefisher.com/constra/plugins/images/loading.gif]
[demo.themefisher.com/constra/plugins/colorbox/controls.png]
[demo.themefisher.com/constra/plugins/colorbox/colorbox.css]
[demo.themefisher.com/constra/images/preload.gif]
[demo.themefisher.com/constra/images/crossword.png]
[demo.themefisher.com/constra/images/parallax2.jpg]
[demo.themefisher.com/constra/css/style.css]
[demo.themefisher.com/constra/index-2.html]
[demo.themefisher.com/constra/images/banner/banner1.jpg]
[demo.themefisher.com/constra/contact.html]
[demo.themefisher.com/constra/images/slider-main/bg4.jpg]
[demo.themefisher.com/constra/images/slider-main/bg5.jpg]
[demo.themefisher.com/constra/images/services/service1.jpg]
[demo.themefisher.com/constra/images/services/service2.jpg]
[demo.themefisher.com/constra/images/services/service3.jpg]
[demo.themefisher.com/constra/index-3.html]
[demo.themefisher.com/constra/images/slider-pages/slide-page1.jpg]
[demo.themefisher.com/constra/images/slider-pages/slide-page2.jpg]
[demo.themefisher.com/constra/images/slider-pages/slide-page3.jpg]
[demo.themefisher.com/constra/images/team/team1.jpg]
[demo.themefisher.com/constra/images/team/team2.jpg]
[demo.themefisher.com/constra/images/team/team3.jpg]
[demo.themefisher.com/constra/images/team/team4.jpg]
[demo.themefisher.com/constra/images/team/team5.jpg]
[demo.themefisher.com/constra/images/team/team6.jpg]
[demo.themefisher.com/constra/about.html]
[demo.themefisher.com/constra/team.html]
[demo.themefisher.com/constra/testimonials.html]
[demo.themefisher.com/constra/faq.html]
[demo.themefisher.com/constra/pricing.html]
[demo.themefisher.com/constra/projects.html]
[demo.themefisher.com/constra/projects-single.html]
[demo.themefisher.com/constra/images/services/service4.jpg]
[demo.themefisher.com/constra/images/services/service5.jpg]
[demo.themefisher.com/constra/images/services/service6.jpg]
[demo.themefisher.com/constra/services.html]
[demo.themefisher.com/constra/service-single.html]
[demo.themefisher.com/constra/typography.html]
[demo.themefisher.com/constra/404.html]
[demo.themefisher.com/constra/news-left-sidebar.html]
[demo.themefisher.com/constra/news-right-sidebar.html]
[demo.themefisher.com/constra/images/news/avator1.png]
[demo.themefisher.com/constra/images/news/avator2.png]
[demo.themefisher.com/constra/images/news/avator3.png]
[demo.themefisher.com/constra/news-single.html]
[demo.themefisher.com/constra/plugins/fontawesome/webfonts/fa-brands-400.svg]
[demo.themefisher.com/constra/plugins/fontawesome/webfonts/fa-regular-400.svg]
[demo.themefisher.com/constra/plugins/fontawesome/webfonts/fa-solid-900.svg]
[demo.themefisher.com/constra/plugins/slick/fonts/slick.svg]
[demo.themefisher.com/constra/plugins/images/loading.html]
[demo.themefisher.com/constra/images/preload.html]
[demo.themefisher.com/constra/images/parallax2.html]
